###############################################################################
#
# IAR ELF Linker V8.20.1.14183/W32 for ARM                29/Nov/2017  17:35:41
# Copyright 2007-2017 IAR Systems AB.
#
#    Output file  =  C:\Users\mert\Documents\cse474\robot\Debug\Exe\robot.out
#    Map file     =  C:\Users\mert\Documents\cse474\robot\Debug\List\robot.map
#    Command line =  
#        -f C:\Users\mert\AppData\Local\Temp\EW8279.tmp
#        (C:\Users\mert\Documents\cse474\robot\Debug\Obj\distance_controller.o
#        C:\Users\mert\Documents\cse474\robot\Debug\Obj\main.o
#        C:\Users\mert\Documents\cse474\robot\Debug\Obj\motor_controller.o
#        C:\Users\mert\Documents\cse474\robot\Debug\Obj\robot_brain.o -o
#        C:\Users\mert\Documents\cse474\robot\Debug\Exe\robot.out --redirect
#        _Printf=_PrintfFullNoMb --redirect _Scanf=_ScanfFullNoMb --map
#        C:\Users\mert\Documents\cse474\robot\Debug\List\robot.map --config
#        "C:\Program Files (x86)\IAR Systems\Embedded Workbench
#        8.0\arm\config\linker\TexasInstruments\TM4C123GH6.icf" --semihosting
#        C:\ti\TivaWare_C_Series-2.1.4.178\driverlib\gcc\libdriver.a --entry
#        __iar_program_start --vfe --text_out locale)
#
###############################################################################

*******************************************************************************
*** MESSAGES
***

Warning[Li026]: the module "gpio.o(libdriver.a)" (and 4 other modules) do not
          contain information to support Virtual Function Elimination


*******************************************************************************
*** RUNTIME MODEL ATTRIBUTES
***

CppFlavor        = *
__CPP_Exceptions = Disabled
__CPP_Language   = C++14
__Heap_Handler   = Basic
__SystemLibrary  = DLib
__dlib_version   = 6


*******************************************************************************
*** HEAP SELECTION
***

The basic heap was selected because some modules are built with
size limitations (and not runtime checking), and --advanced_heap
was not specified.


*******************************************************************************
*** PLACEMENT SUMMARY
***

"A0":  place at 0x00000000 { ro section .intvec };
"P1":  place in [from 0x00000000 to 0x0003ffff] { ro };
define block CSTACK with size = 4K, alignment = 8 { };
define block HEAP with size = 8K, alignment = 8 { };
"P2":  place in [from 0x20000000 to 0x20007fff] {
          rw, block CSTACK, block HEAP };

  Section                 Kind        Address    Size  Object
  -------                 ----        -------    ----  ------
"A0":                                            0x40
  .intvec                 ro code  0x00000000    0x40  vector_table_M.o [7]
                                 - 0x00000040    0x40

"P1":                                           0x926
  .text                   ro code  0x00000040   0x2c0  motor_controller.o [1]
  .text.SysCtlPeripheralEnable
                          ro code  0x00000300    0x22  sysctl.o [5]
  .text                   ro code  0x00000322     0x2  vector_table_M.o [7]
  .text.SysCtlPWMClockSet
                          ro code  0x00000324    0x14  sysctl.o [5]
  .text.GPIOPinConfigure  ro code  0x00000338    0x4c  gpio.o [5]
  .text.GPIOPinTypePWM    ro code  0x00000384    0x1c  gpio.o [5]
  .text.PWMGenConfigure   ro code  0x000003a0    0x30  pwm.o [5]
  .text.PWMGenPeriodSet   ro code  0x000003d0    0x12  pwm.o [5]
  .text.PWMPulseWidthSet  ro code  0x000003e2    0x1e  pwm.o [5]
  .text.PWMGenEnable      ro code  0x00000400     0xa  pwm.o [5]
  .text.PWMOutputState    ro code  0x0000040a    0x10  pwm.o [5]
  .text.GPIODirModeSet    ro code  0x0000041a    0x2e  gpio.o [5]
  .text.GPIOPadConfigSet  ro code  0x00000448   0x130  gpio.o [5]
  .text                   ro code  0x00000578   0x140  heap0.o [3]
  .text                   ro code  0x000006b8    0x2c  xgetmemchunk.o [3]
  .rodata.g_pui32GPIOBaseAddrs
                          const    0x000006e4    0x90  gpio.o [5]
  .text                   ro code  0x00000774    0x6a  robot_brain.o [1]
  .text                   ro code  0x000007de    0x40  zero_init3.o [7]
  .text                   ro code  0x0000081e    0x2e  main.o [1]
  .text                   ro code  0x0000084c    0x24  newop_0.o [4]
  .text                   ro code  0x00000870    0x18  main.o [1]
  .text                   ro code  0x00000888    0x14  main.o [1]
  .text                   ro code  0x0000089c     0xa  delop_0.o [4]
  .text                   ro code  0x000008a6     0x4  nomemory.o [4]
  .text                   ro code  0x000008aa     0x4  heaptramp0.o [3]
  .text                   ro code  0x000008ae     0x6  abort.o [3]
  .text                   ro code  0x000008b4    0x14  exit.o [8]
  .text                   ro code  0x000008c8    0x28  data_init.o [7]
  .text                   ro code  0x000008f0    0x22  fpinit_M.o [6]
  .iar.init_table         const    0x00000914    0x10  - Linker created -
  .rodata                 const    0x00000924     0x1  unwind_debug.o [8]
  .text                   ro code  0x00000928    0x1e  cmain.o [7]
  .text                   ro code  0x00000946     0x4  low_level_init.o [3]
  .text                   ro code  0x0000094a     0x4  exit.o [3]
  .text                   ro code  0x00000950     0xa  cexit.o [7]
  .text                   ro code  0x0000095a     0xc  cstartup_M.o [7]
  .rodata                 const    0x00000966     0x0  zero_init3.o [7]
                                 - 0x00000966   0x926

"P2", part 1 of 2:                               0x10
  .bss                    zero     0x20000000     0x8  heap0.o [3]
  .bss                    zero     0x20000008     0x4  new.o [4]
  .bss                    zero     0x2000000c     0x4  xgetmemchunk.o [3]
                                 - 0x20000010    0x10

"P2", part 2 of 2:                             0x3000
  CSTACK                           0x20000010  0x1000  <Block>
    CSTACK                uninit   0x20000010  0x1000  <Block tail>
  HEAP                             0x20001010  0x2000  <Block>
    HEAP                  uninit   0x20001010  0x2000  <Block tail>
                                 - 0x20003010  0x3000


*******************************************************************************
*** INIT TABLE
***

          Address     Size
          -------     ----
Zero (__iar_zero_init3)
    1 destination range, total size 0x10:
          0x20000000  0x10



*******************************************************************************
*** MODULE SUMMARY
***

    Module              ro code  ro data  rw data
    ------              -------  -------  -------
C:\Users\mert\Documents\cse474\robot\Debug\Obj: [1]
    main.o                   90
    motor_controller.o      704
    robot_brain.o           106
    ---------------------------------------------
    Total:                  900

command line: [2]
    ---------------------------------------------
    Total:

dl7M_tln.a: [3]
    abort.o                   6
    exit.o                    4
    heap0.o                 320                 8
    heaptramp0.o              4
    low_level_init.o          4
    xgetmemchunk.o           44                 4
    ---------------------------------------------
    Total:                  382                12

dlpp7M_tl_nc.a: [4]
    delop_0.o                10
    new.o                                       4
    newop_0.o                36
    nomemory.o                4
    ---------------------------------------------
    Total:                   50                 4

libdriver.a: [5]
    gpio.o                  454      144
    pwm.o                   122
    sysctl.o                 54
    ---------------------------------------------
    Total:                  630      144

m7M_tlv.a: [6]
    fpinit_M.o               34
    ---------------------------------------------
    Total:                   34

rt7M_tl.a: [7]
    cexit.o                  10
    cmain.o                  30
    cstartup_M.o             12
    data_init.o              40
    vector_table_M.o         66
    zero_init3.o             64
    ---------------------------------------------
    Total:                  222

shb_l.a: [8]
    exit.o                   20
    unwind_debug.o                     1
    ---------------------------------------------
    Total:                   20        1

    Gaps                      5        2
    Linker created                    16   12 288
-------------------------------------------------
    Grand Total:          2 243      163   12 304


*******************************************************************************
*** ENTRY LIST
***

Entry                      Address   Size  Type      Object
-----                      -------   ----  ----      ------
.iar.init_table$$Base   0x00000914          --   Gb  - Linker created -
.iar.init_table$$Limit  0x00000924          --   Gb  - Linker created -
?main                   0x00000929         Code  Gb  cmain.o [7]
Aldata                  0x20000000    0x8  Data  Lc  heap0.o [3]
CSTACK$$Base            0x20000010          --   Gb  - Linker created -
CSTACK$$Limit           0x20001010          --   Gb  - Linker created -
GPIODirModeSet          0x0000041b   0x2e  Code  Gb  gpio.o [5]
GPIOPadConfigSet        0x00000449  0x130  Code  Gb  gpio.o [5]
GPIOPinConfigure        0x00000339   0x4c  Code  Gb  gpio.o [5]
GPIOPinTypePWM          0x00000385   0x1c  Code  Gb  gpio.o [5]
HEAP$$Base              0x20001010          --   Gb  - Linker created -
HEAP$$Limit             0x20003010          --   Gb  - Linker created -
MotorController::Configure()
                        0x0000010d   0x18  Code  Gb  motor_controller.o [1]
MotorController::ConfigureGPIO()
                        0x00000187   0x26  Code  Gb  motor_controller.o [1]
MotorController::ConfigurePWM()
                        0x00000125   0x62  Code  Gb  motor_controller.o [1]
MotorController::ConfigureTimer()
                        0x000001ad   0x32  Code  Gb  motor_controller.o [1]
MotorController::EndTimer()
                        0x0000028d   0x1a  Code  Gb  motor_controller.o [1]
MotorController::MoveForward()
                        0x00000041   0x3e  Code  Gb  motor_controller.o [1]
MotorController::SetMotorDirection(int, int)
                        0x00000229   0x52  Code  Gb  motor_controller.o [1]
MotorController::SetMotorSpeed(int, int)
                        0x000001df   0x4a  Code  Gb  motor_controller.o [1]
MotorController::StartTimer(int)
                        0x0000027b   0x12  Code  Gb  motor_controller.o [1]
MotorController::TurnBack()
                        0x000000fb   0x12  Code  Gb  motor_controller.o [1]
MotorController::TurnLeft()
                        0x0000007f   0x3e  Code  Gb  motor_controller.o [1]
MotorController::TurnRight()
                        0x000000bd   0x3e  Code  Gb  motor_controller.o [1]
PWMGenConfigure         0x000003a1   0x30  Code  Gb  pwm.o [5]
PWMGenEnable            0x00000401    0xa  Code  Gb  pwm.o [5]
PWMGenPeriodSet         0x000003d1   0x12  Code  Gb  pwm.o [5]
PWMOutputState          0x0000040b   0x10  Code  Gb  pwm.o [5]
PWMPulseWidthSet        0x000003e3   0x1e  Code  Gb  pwm.o [5]
Region$$Table$$Base     0x00000914          --   Gb  - Linker created -
Region$$Table$$Limit    0x00000924          --   Gb  - Linker created -
RobotBrain::RobotBrain()
                        0x00000871   0x18  Code  Gb  main.o [1]
RobotBrain::Work()      0x00000775   0x6a  Code  Gb  robot_brain.o [1]
RobotBrain::~RobotBrain()
                        0x00000889   0x14  Code  Gb  main.o [1]
SysCtlPWMClockSet       0x00000325   0x14  Code  Gb  sysctl.o [5]
SysCtlPeripheralEnable  0x00000301   0x22  Code  Gb  sysctl.o [5]
__basic_free            0x00000625   0x16  Code  Gb  heap0.o [3]
__basic_free_intern     0x0000063b   0x7a  Code  Lc  heap0.o [3]
__basic_malloc          0x00000579   0x18  Code  Gb  heap0.o [3]
__basic_malloc_intern   0x00000591   0x94  Code  Lc  heap0.o [3]
__cmain                 0x00000929         Code  Gb  cmain.o [7]
__data_GetMemChunk      0x000006b9   0x2c  Code  Gb  xgetmemchunk.o [3]
__data_GetMemChunk::start
                        0x2000000c    0x4  Data  Lc  xgetmemchunk.o [3]
__exit                  0x000008b5   0x14  Code  Gb  exit.o [8]
__iar_data_init3        0x000008c9   0x28  Code  Gb  data_init.o [7]
__iar_debug_exceptions  0x00000924    0x1  Data  Gb  unwind_debug.o [8]
__iar_init_vfp          0x000008f1         Code  Gb  fpinit_M.o [6]
__iar_program_start     0x0000095b         Code  Gb  cstartup_M.o [7]
__iar_systems$$module {Abs}
                        0x00000001         Data  Gb  command line/config [2]
__iar_zero_init3        0x000007df   0x40  Code  Gb  zero_init3.o [7]
__low_level_init        0x00000947    0x4  Code  Gb  low_level_init.o [3]
__vector_table          0x00000000         Data  Gb  vector_table_M.o [7]
_call_main              0x00000935         Code  Gb  cmain.o [7]
_exit                   0x00000951         Code  Gb  cexit.o [7]
_main                   0x00000943         Code  Gb  cmain.o [7]
abort                   0x000008af    0x6  Code  Gb  abort.o [3]
exit                    0x0000094b    0x4  Code  Gb  exit.o [3]
free                    0x000008ab    0x4  Code  Gb  heaptramp0.o [3]
g_pui32GPIOBaseAddrs    0x000006e4   0x90  Data  Lc  gpio.o [5]
main                    0x0000081f   0x2e  Code  Gb  main.o [1]
operator delete (void *)
                        0x0000089d    0xa  Code  Gb  delop_0.o [4]
operator new (unsigned int)
                        0x0000084d   0x24  Code  Gb  newop_0.o [4]
std::_NomemoryNothrow()
                        0x000008a7    0x4  Code  Gb  nomemory.o [4]
std::__iar_New_hand     0x20000008    0x4  Data  Gb  new.o [4]


[1] = C:\Users\mert\Documents\cse474\robot\Debug\Obj
[2] = command line
[3] = dl7M_tln.a
[4] = dlpp7M_tl_nc.a
[5] = libdriver.a
[6] = m7M_tlv.a
[7] = rt7M_tl.a
[8] = shb_l.a

   2 243 bytes of readonly  code memory
     163 bytes of readonly  data memory
  12 304 bytes of readwrite data memory

Errors: none
Warnings: 1
