###############################################################################
#
# IAR ELF Linker V8.20.1.14183/W32 for ARM                27/Nov/2017  02:47:31
# Copyright 2007-2017 IAR Systems AB.
#
#    Output file  =  C:\Users\mert\Documents\cse474\robot\Debug\Exe\robot.out
#    Map file     =  C:\Users\mert\Documents\cse474\robot\Debug\List\robot.map
#    Command line =  
#        -f C:\Users\mert\AppData\Local\Temp\EWA1A0.tmp
#        (C:\Users\mert\Documents\cse474\robot\Debug\Obj\distance_controller.o
#        C:\Users\mert\Documents\cse474\robot\Debug\Obj\main.o
#        C:\Users\mert\Documents\cse474\robot\Debug\Obj\motor_controller.o
#        C:\Users\mert\Documents\cse474\robot\Debug\Obj\robot_brain.o -o
#        C:\Users\mert\Documents\cse474\robot\Debug\Exe\robot.out --redirect
#        _Printf=_PrintfFullNoMb --redirect _Scanf=_ScanfFullNoMb --map
#        C:\Users\mert\Documents\cse474\robot\Debug\List\robot.map --config
#        "C:\Program Files (x86)\IAR Systems\Embedded Workbench
#        8.0\arm\config\linker\TexasInstruments\TM4C123GH6.icf" --semihosting
#        C:\ti\TivaWare_C_Series-2.1.4.178\driverlib\gcc\libdriver.a --entry
#        __iar_program_start --vfe --text_out locale)
#
###############################################################################

*******************************************************************************
*** MESSAGES
***

Warning[Li026]: the module "gpio.o(libdriver.a)" (and 4 other modules) do not
          contain information to support Virtual Function Elimination


*******************************************************************************
*** RUNTIME MODEL ATTRIBUTES
***

CppFlavor        = *
__CPP_Exceptions = Disabled
__CPP_Language   = C++14
__Heap_Handler   = Basic
__SystemLibrary  = DLib
__dlib_version   = 6


*******************************************************************************
*** HEAP SELECTION
***

The basic heap was selected because some modules are built with
size limitations (and not runtime checking), and --advanced_heap
was not specified.


*******************************************************************************
*** PLACEMENT SUMMARY
***

"A0":  place at 0x00000000 { ro section .intvec };
"P1":  place in [from 0x00000000 to 0x0003ffff] { ro };
define block CSTACK with size = 4K, alignment = 8 { };
define block HEAP with size = 8K, alignment = 8 { };
"P2":  place in [from 0x20000000 to 0x20007fff] {
          rw, block CSTACK, block HEAP };

  Section                 Kind        Address    Size  Object
  -------                 ----        -------    ----  ------
"A0":                                            0x40
  .intvec                 ro code  0x00000000    0x40  vector_table_M.o [7]
                                 - 0x00000040    0x40

"P1":                                           0x5f2
  .text                   ro code  0x00000040   0x2b0  motor_controller.o [1]
  .text.PWMPulseWidthSet  ro code  0x000002f0    0x1e  pwm.o [5]
  .text.PWMGenEnable      ro code  0x0000030e     0xa  pwm.o [5]
  .text.PWMOutputState    ro code  0x00000318    0x10  pwm.o [5]
  .text                   ro code  0x00000328   0x140  heap0.o [3]
  .text                   ro code  0x00000468    0x2c  xgetmemchunk.o [3]
  .text                   ro code  0x00000494    0x40  zero_init3.o [7]
  .text                   ro code  0x000004d4    0x30  robot_brain.o [1]
  .text                   ro code  0x00000504    0x24  newop_0.o [4]
  .text                   ro code  0x00000528     0x6  robot_brain.o [1]
  .text                   ro code  0x0000052e     0x4  distance_controller.o [1]
  .text                   ro code  0x00000532     0x4  nomemory.o [4]
  .text                   ro code  0x00000536     0x6  abort.o [3]
  .text                   ro code  0x0000053c    0x14  exit.o [8]
  .text                   ro code  0x00000550    0x28  data_init.o [7]
  .text                   ro code  0x00000578    0x22  main.o [1]
  .text                   ro code  0x0000059a    0x14  main.o [1]
  .text                   ro code  0x000005ae     0xa  delop_0.o [4]
  .text                   ro code  0x000005b8     0x4  heaptramp0.o [3]
  .text                   ro code  0x000005bc    0x22  fpinit_M.o [6]
  .iar.init_table         const    0x000005e0    0x10  - Linker created -
  .text                   ro code  0x000005f0     0x2  vector_table_M.o [7]
  .text                   ro code  0x000005f4    0x1e  cmain.o [7]
  .text                   ro code  0x00000612     0x4  low_level_init.o [3]
  .text                   ro code  0x00000616     0x4  exit.o [3]
  .rodata                 const    0x0000061a     0x1  unwind_debug.o [8]
  .text                   ro code  0x0000061c     0xa  cexit.o [7]
  .text                   ro code  0x00000626     0xc  cstartup_M.o [7]
  .rodata                 const    0x00000632     0x0  zero_init3.o [7]
                                 - 0x00000632   0x5f2

"P2", part 1 of 2:                               0x10
  .bss                    zero     0x20000000     0x8  heap0.o [3]
  .bss                    zero     0x20000008     0x4  new.o [4]
  .bss                    zero     0x2000000c     0x4  xgetmemchunk.o [3]
                                 - 0x20000010    0x10

"P2", part 2 of 2:                             0x3000
  CSTACK                           0x20000010  0x1000  <Block>
    CSTACK                uninit   0x20000010  0x1000  <Block tail>
  HEAP                             0x20001010  0x2000  <Block>
    HEAP                  uninit   0x20001010  0x2000  <Block tail>
                                 - 0x20003010  0x3000


*******************************************************************************
*** INIT TABLE
***

          Address     Size
          -------     ----
Zero (__iar_zero_init3)
    1 destination range, total size 0x10:
          0x20000000  0x10



*******************************************************************************
*** MODULE SUMMARY
***

    Module                 ro code  ro data  rw data
    ------                 -------  -------  -------
C:\Users\mert\Documents\cse474\robot\Debug\Obj: [1]
    distance_controller.o        4
    main.o                      54
    motor_controller.o         688
    robot_brain.o               54
    ------------------------------------------------
    Total:                     800

command line: [2]
    ------------------------------------------------
    Total:

dl7M_tln.a: [3]
    abort.o                      6
    exit.o                       4
    heap0.o                    320                 8
    heaptramp0.o                 4
    low_level_init.o             4
    xgetmemchunk.o              44                 4
    ------------------------------------------------
    Total:                     382                12

dlpp7M_tl_nc.a: [4]
    delop_0.o                   10
    new.o                                          4
    newop_0.o                   36
    nomemory.o                   4
    ------------------------------------------------
    Total:                      50                 4

libdriver.a: [5]
    pwm.o                       56
    ------------------------------------------------
    Total:                      56

m7M_tlv.a: [6]
    fpinit_M.o                  34
    ------------------------------------------------
    Total:                      34

rt7M_tl.a: [7]
    cexit.o                     10
    cmain.o                     30
    cstartup_M.o                12
    data_init.o                 40
    vector_table_M.o            66
    zero_init3.o                64
    ------------------------------------------------
    Total:                     222

shb_l.a: [8]
    exit.o                      20
    unwind_debug.o                        1
    ------------------------------------------------
    Total:                      20        1

    Gaps                         3        2
    Linker created                       16   12 288
----------------------------------------------------
    Grand Total:             1 567       19   12 304


*******************************************************************************
*** ENTRY LIST
***

Entry                      Address   Size  Type      Object
-----                      -------   ----  ----      ------
.iar.init_table$$Base   0x000005e0          --   Gb  - Linker created -
.iar.init_table$$Limit  0x000005f0          --   Gb  - Linker created -
?main                   0x000005f5         Code  Gb  cmain.o [7]
Aldata                  0x20000000    0x8  Data  Lc  heap0.o [3]
CSTACK$$Base            0x20000010          --   Gb  - Linker created -
CSTACK$$Limit           0x20001010          --   Gb  - Linker created -
DistanceController::CheckObstacle()
                        0x0000052f    0x4  Code  Gb  distance_controller.o [1]
HEAP$$Base              0x20001010          --   Gb  - Linker created -
HEAP$$Limit             0x20003010          --   Gb  - Linker created -
MotorController::EndTimer()
                        0x000002bb   0x1a  Code  Gb  motor_controller.o [1]
MotorController::MotorController()
                        0x00000529    0x6  Code  Gb  robot_brain.o [1]
MotorController::Move(Direction)
                        0x00000041  0x100  Code  Gb  motor_controller.o [1]
MotorController::MoveOneStep()
                        0x00000141   0x3e  Code  Gb  motor_controller.o [1]
MotorController::SetMotorDirection(int, int)
                        0x00000257   0x52  Code  Gb  motor_controller.o [1]
MotorController::SetMotorSpeed(int, int)
                        0x0000020d   0x4a  Code  Gb  motor_controller.o [1]
MotorController::StartTimer(int)
                        0x000002a9   0x12  Code  Gb  motor_controller.o [1]
MotorController::TurnBack()
                        0x000001fb   0x12  Code  Gb  motor_controller.o [1]
MotorController::TurnLeft()
                        0x0000017f   0x3e  Code  Gb  motor_controller.o [1]
MotorController::TurnRight()
                        0x000001bd   0x3e  Code  Gb  motor_controller.o [1]
PWMGenEnable            0x0000030f    0xa  Code  Gb  pwm.o [5]
PWMOutputState          0x00000319   0x10  Code  Gb  pwm.o [5]
PWMPulseWidthSet        0x000002f1   0x1e  Code  Gb  pwm.o [5]
Region$$Table$$Base     0x000005e0          --   Gb  - Linker created -
Region$$Table$$Limit    0x000005f0          --   Gb  - Linker created -
RobotBrain::Work()      0x000004d5   0x30  Code  Gb  robot_brain.o [1]
RobotBrain::~RobotBrain()
                        0x0000059b   0x14  Code  Gb  main.o [1]
__basic_free            0x000003d5   0x16  Code  Gb  heap0.o [3]
__basic_free_intern     0x000003eb   0x7a  Code  Lc  heap0.o [3]
__basic_malloc          0x00000329   0x18  Code  Gb  heap0.o [3]
__basic_malloc_intern   0x00000341   0x94  Code  Lc  heap0.o [3]
__cmain                 0x000005f5         Code  Gb  cmain.o [7]
__data_GetMemChunk      0x00000469   0x2c  Code  Gb  xgetmemchunk.o [3]
__data_GetMemChunk::start
                        0x2000000c    0x4  Data  Lc  xgetmemchunk.o [3]
__exit                  0x0000053d   0x14  Code  Gb  exit.o [8]
__iar_data_init3        0x00000551   0x28  Code  Gb  data_init.o [7]
__iar_debug_exceptions  0x0000061a    0x1  Data  Gb  unwind_debug.o [8]
__iar_init_vfp          0x000005bd         Code  Gb  fpinit_M.o [6]
__iar_program_start     0x00000627         Code  Gb  cstartup_M.o [7]
__iar_systems$$module {Abs}
                        0x00000001         Data  Gb  command line/config [2]
__iar_zero_init3        0x00000495   0x40  Code  Gb  zero_init3.o [7]
__low_level_init        0x00000613    0x4  Code  Gb  low_level_init.o [3]
__vector_table          0x00000000         Data  Gb  vector_table_M.o [7]
_call_main              0x00000601         Code  Gb  cmain.o [7]
_exit                   0x0000061d         Code  Gb  cexit.o [7]
_main                   0x0000060f         Code  Gb  cmain.o [7]
abort                   0x00000537    0x6  Code  Gb  abort.o [3]
exit                    0x00000617    0x4  Code  Gb  exit.o [3]
free                    0x000005b9    0x4  Code  Gb  heaptramp0.o [3]
main                    0x00000579   0x22  Code  Gb  main.o [1]
operator delete (void *)
                        0x000005af    0xa  Code  Gb  delop_0.o [4]
operator new (unsigned int)
                        0x00000505   0x24  Code  Gb  newop_0.o [4]
std::_NomemoryNothrow()
                        0x00000533    0x4  Code  Gb  nomemory.o [4]
std::__iar_New_hand     0x20000008    0x4  Data  Gb  new.o [4]


[1] = C:\Users\mert\Documents\cse474\robot\Debug\Obj
[2] = command line
[3] = dl7M_tln.a
[4] = dlpp7M_tl_nc.a
[5] = libdriver.a
[6] = m7M_tlv.a
[7] = rt7M_tl.a
[8] = shb_l.a

   1 567 bytes of readonly  code memory
      19 bytes of readonly  data memory
  12 304 bytes of readwrite data memory

Errors: none
Warnings: 1
